2025-10-03 18:04:46,052 - __main__ - INFO - Database tables created
2025-10-03 18:04:46,074 - apscheduler.scheduler - INFO - Scheduler started
2025-10-03 18:04:46,075 - apscheduler.scheduler - INFO - Added job "File Monitor Job" to job store "default"
2025-10-03 18:04:46,075 - __main__ - INFO - Exhibit Monitor application started
2025-10-03 18:04:46,091 - werkzeug - INFO - [31m[1mWARNING: This is a development server. Do not use it in a production deployment. Use a production WSGI server instead.[0m
 * Running on all addresses (0.0.0.0)
 * Running on http://127.0.0.1:5000
 * Running on http://192.168.1.5:5000
2025-10-03 18:04:46,091 - werkzeug - INFO - [33mPress CTRL+C to quit[0m
2025-10-03 18:04:46,092 - werkzeug - INFO -  * Restarting with stat
2025-10-03 18:04:46,887 - __main__ - INFO - Database tables created
2025-10-03 18:04:46,902 - apscheduler.scheduler - INFO - Scheduler started
2025-10-03 18:04:46,903 - apscheduler.scheduler - INFO - Added job "File Monitor Job" to job store "default"
2025-10-03 18:04:46,904 - __main__ - INFO - Exhibit Monitor application started
2025-10-03 18:04:46,914 - werkzeug - WARNING -  * Debugger is active!
2025-10-03 18:04:46,932 - werkzeug - INFO -  * Debugger PIN: 521-890-171
2025-10-03 18:04:57,591 - werkzeug - INFO - 127.0.0.1 - - [03/Oct/2025 18:04:57] "GET / HTTP/1.1" 200 -
2025-10-03 18:05:07,043 - werkzeug - INFO - 127.0.0.1 - - [03/Oct/2025 18:05:07] "GET /api/status HTTP/1.1" 200 -
2025-10-03 18:05:16,076 - apscheduler.executors.default - INFO - Running job "File Monitor Job (trigger: interval[0:00:30], next run at: 2025-10-03 18:05:16 IST)" (scheduled at 2025-10-03 18:05:16.075068+05:30)
2025-10-03 18:05:16,077 - services.file_monitor - INFO - Starting file monitoring cycle
2025-10-03 18:05:16,904 - apscheduler.executors.default - INFO - Running job "File Monitor Job (trigger: interval[0:00:30], next run at: 2025-10-03 18:05:16 IST)" (scheduled at 2025-10-03 18:05:16.903550+05:30)
2025-10-03 18:05:16,905 - services.file_monitor - INFO - Starting file monitoring cycle
2025-10-03 18:05:22,078 - services.file_monitor - INFO - Processing file: B.txt
2025-10-03 18:05:22,078 - services.file_monitor - ERROR - Error getting format config for B.txt: Working outside of application context.

This typically means that you attempted to use functionality that needed
the current application. To solve this, set up an application context
with app.app_context(). See the documentation for more information.
2025-10-03 18:05:22,078 - services.file_monitor - ERROR - Error getting format config for B.txt: Working outside of application context.

This typically means that you attempted to use functionality that needed
the current application. To solve this, set up an application context
with app.app_context(). See the documentation for more information.
2025-10-03 18:05:22,079 - services.file_monitor - WARNING - File validation failed for B.txt: No format configuration found
2025-10-03 18:05:22,079 - services.file_monitor - INFO - Deleted file: B.txt
2025-10-03 18:05:22,079 - services.file_monitor - INFO - Processing file: C.txt
2025-10-03 18:05:22,079 - services.file_monitor - ERROR - Error getting format config for C.txt: Working outside of application context.

This typically means that you attempted to use functionality that needed
the current application. To solve this, set up an application context
with app.app_context(). See the documentation for more information.
2025-10-03 18:05:22,079 - services.file_monitor - ERROR - Error getting format config for C.txt: Working outside of application context.

This typically means that you attempted to use functionality that needed
the current application. To solve this, set up an application context
with app.app_context(). See the documentation for more information.
2025-10-03 18:05:22,080 - services.file_monitor - WARNING - File validation failed for C.txt: No format configuration found
2025-10-03 18:05:22,080 - services.file_monitor - INFO - Deleted file: C.txt
2025-10-03 18:05:22,080 - services.file_monitor - INFO - Processing file: A.txt
2025-10-03 18:05:22,080 - services.file_monitor - ERROR - Error getting format config for A.txt: Working outside of application context.

This typically means that you attempted to use functionality that needed
the current application. To solve this, set up an application context
with app.app_context(). See the documentation for more information.
2025-10-03 18:05:22,080 - services.file_monitor - ERROR - Error getting format config for A.txt: Working outside of application context.

This typically means that you attempted to use functionality that needed
the current application. To solve this, set up an application context
with app.app_context(). See the documentation for more information.
2025-10-03 18:05:22,080 - services.file_monitor - WARNING - File validation failed for A.txt: No format configuration found
2025-10-03 18:05:22,081 - services.file_monitor - INFO - Deleted file: A.txt
2025-10-03 18:05:22,081 - services.file_monitor - INFO - File monitoring cycle completed. Processed 3 files
2025-10-03 18:05:22,081 - apscheduler.executors.default - INFO - Job "File Monitor Job (trigger: interval[0:00:30], next run at: 2025-10-03 18:05:46 IST)" executed successfully
2025-10-03 18:05:22,907 - services.file_monitor - INFO - Processing file: B.txt
2025-10-03 18:05:22,907 - services.file_monitor - ERROR - Error getting format config for B.txt: Working outside of application context.

This typically means that you attempted to use functionality that needed
the current application. To solve this, set up an application context
with app.app_context(). See the documentation for more information.
2025-10-03 18:05:22,907 - services.file_monitor - ERROR - Error getting format config for B.txt: Working outside of application context.

This typically means that you attempted to use functionality that needed
the current application. To solve this, set up an application context
with app.app_context(). See the documentation for more information.
2025-10-03 18:05:22,907 - services.file_monitor - WARNING - File validation failed for B.txt: No format configuration found
2025-10-03 18:05:22,907 - services.file_monitor - ERROR - Error deleting file B.txt: [Errno 2] No such file or directory: 'input_files/B.txt'
2025-10-03 18:05:22,908 - services.file_monitor - INFO - Processing file: C.txt
2025-10-03 18:05:22,908 - services.file_monitor - ERROR - Error getting format config for C.txt: Working outside of application context.

This typically means that you attempted to use functionality that needed
the current application. To solve this, set up an application context
with app.app_context(). See the documentation for more information.
2025-10-03 18:05:22,908 - services.file_monitor - ERROR - Error getting format config for C.txt: Working outside of application context.

This typically means that you attempted to use functionality that needed
the current application. To solve this, set up an application context
with app.app_context(). See the documentation for more information.
2025-10-03 18:05:22,908 - services.file_monitor - WARNING - File validation failed for C.txt: No format configuration found
2025-10-03 18:05:22,908 - services.file_monitor - ERROR - Error deleting file C.txt: [Errno 2] No such file or directory: 'input_files/C.txt'
2025-10-03 18:05:22,908 - services.file_monitor - INFO - File monitoring cycle completed. Processed 2 files
2025-10-03 18:05:22,908 - apscheduler.executors.default - INFO - Job "File Monitor Job (trigger: interval[0:00:30], next run at: 2025-10-03 18:05:46 IST)" executed successfully
2025-10-03 18:05:46,075 - apscheduler.executors.default - INFO - Running job "File Monitor Job (trigger: interval[0:00:30], next run at: 2025-10-03 18:06:16 IST)" (scheduled at 2025-10-03 18:05:46.075068+05:30)
2025-10-03 18:05:46,076 - services.file_monitor - INFO - Starting file monitoring cycle
2025-10-03 18:05:46,076 - services.file_monitor - INFO - File monitoring cycle completed. Processed 0 files
2025-10-03 18:05:46,076 - apscheduler.executors.default - INFO - Job "File Monitor Job (trigger: interval[0:00:30], next run at: 2025-10-03 18:06:16 IST)" executed successfully
2025-10-03 18:05:46,904 - apscheduler.executors.default - INFO - Running job "File Monitor Job (trigger: interval[0:00:30], next run at: 2025-10-03 18:06:16 IST)" (scheduled at 2025-10-03 18:05:46.903550+05:30)
2025-10-03 18:05:46,904 - services.file_monitor - INFO - Starting file monitoring cycle
2025-10-03 18:05:46,905 - services.file_monitor - INFO - File monitoring cycle completed. Processed 0 files
2025-10-03 18:05:46,905 - apscheduler.executors.default - INFO - Job "File Monitor Job (trigger: interval[0:00:30], next run at: 2025-10-03 18:06:16 IST)" executed successfully
2025-10-03 18:06:16,075 - apscheduler.executors.default - INFO - Running job "File Monitor Job (trigger: interval[0:00:30], next run at: 2025-10-03 18:06:46 IST)" (scheduled at 2025-10-03 18:06:16.075068+05:30)
2025-10-03 18:06:16,075 - services.file_monitor - INFO - Starting file monitoring cycle
2025-10-03 18:06:16,076 - services.file_monitor - INFO - File monitoring cycle completed. Processed 0 files
2025-10-03 18:06:16,076 - apscheduler.executors.default - INFO - Job "File Monitor Job (trigger: interval[0:00:30], next run at: 2025-10-03 18:06:46 IST)" executed successfully
2025-10-03 18:06:16,904 - apscheduler.executors.default - INFO - Running job "File Monitor Job (trigger: interval[0:00:30], next run at: 2025-10-03 18:06:46 IST)" (scheduled at 2025-10-03 18:06:16.903550+05:30)
2025-10-03 18:06:16,904 - services.file_monitor - INFO - Starting file monitoring cycle
2025-10-03 18:06:16,905 - services.file_monitor - INFO - File monitoring cycle completed. Processed 0 files
2025-10-03 18:06:16,905 - apscheduler.executors.default - INFO - Job "File Monitor Job (trigger: interval[0:00:30], next run at: 2025-10-03 18:06:46 IST)" executed successfully
2025-10-03 18:06:46,075 - apscheduler.executors.default - INFO - Running job "File Monitor Job (trigger: interval[0:00:30], next run at: 2025-10-03 18:07:16 IST)" (scheduled at 2025-10-03 18:06:46.075068+05:30)
2025-10-03 18:06:46,076 - services.file_monitor - INFO - Starting file monitoring cycle
2025-10-03 18:06:46,076 - services.file_monitor - INFO - File monitoring cycle completed. Processed 0 files
2025-10-03 18:06:46,076 - apscheduler.executors.default - INFO - Job "File Monitor Job (trigger: interval[0:00:30], next run at: 2025-10-03 18:07:16 IST)" executed successfully
2025-10-03 18:06:46,904 - apscheduler.executors.default - INFO - Running job "File Monitor Job (trigger: interval[0:00:30], next run at: 2025-10-03 18:07:16 IST)" (scheduled at 2025-10-03 18:06:46.903550+05:30)
2025-10-03 18:06:46,904 - services.file_monitor - INFO - Starting file monitoring cycle
2025-10-03 18:06:46,904 - services.file_monitor - INFO - File monitoring cycle completed. Processed 0 files
2025-10-03 18:06:46,905 - apscheduler.executors.default - INFO - Job "File Monitor Job (trigger: interval[0:00:30], next run at: 2025-10-03 18:07:16 IST)" executed successfully
2025-10-03 18:07:16,075 - apscheduler.executors.default - INFO - Running job "File Monitor Job (trigger: interval[0:00:30], next run at: 2025-10-03 18:07:46 IST)" (scheduled at 2025-10-03 18:07:16.075068+05:30)
2025-10-03 18:07:16,076 - services.file_monitor - INFO - Starting file monitoring cycle
2025-10-03 18:07:16,076 - services.file_monitor - INFO - File monitoring cycle completed. Processed 0 files
2025-10-03 18:07:16,076 - apscheduler.executors.default - INFO - Job "File Monitor Job (trigger: interval[0:00:30], next run at: 2025-10-03 18:07:46 IST)" executed successfully
2025-10-03 18:07:16,904 - apscheduler.executors.default - INFO - Running job "File Monitor Job (trigger: interval[0:00:30], next run at: 2025-10-03 18:07:46 IST)" (scheduled at 2025-10-03 18:07:16.903550+05:30)
2025-10-03 18:07:16,904 - services.file_monitor - INFO - Starting file monitoring cycle
2025-10-03 18:07:16,905 - services.file_monitor - INFO - File monitoring cycle completed. Processed 0 files
2025-10-03 18:07:16,905 - apscheduler.executors.default - INFO - Job "File Monitor Job (trigger: interval[0:00:30], next run at: 2025-10-03 18:07:46 IST)" executed successfully
2025-10-03 18:07:46,076 - apscheduler.executors.default - INFO - Running job "File Monitor Job (trigger: interval[0:00:30], next run at: 2025-10-03 18:08:16 IST)" (scheduled at 2025-10-03 18:07:46.075068+05:30)
2025-10-03 18:07:46,076 - services.file_monitor - INFO - Starting file monitoring cycle
2025-10-03 18:07:46,076 - services.file_monitor - INFO - File monitoring cycle completed. Processed 0 files
2025-10-03 18:07:46,076 - apscheduler.executors.default - INFO - Job "File Monitor Job (trigger: interval[0:00:30], next run at: 2025-10-03 18:08:16 IST)" executed successfully
2025-10-03 18:07:46,904 - apscheduler.executors.default - INFO - Running job "File Monitor Job (trigger: interval[0:00:30], next run at: 2025-10-03 18:08:16 IST)" (scheduled at 2025-10-03 18:07:46.903550+05:30)
2025-10-03 18:07:46,904 - services.file_monitor - INFO - Starting file monitoring cycle
2025-10-03 18:07:46,905 - services.file_monitor - INFO - File monitoring cycle completed. Processed 0 files
2025-10-03 18:07:46,905 - apscheduler.executors.default - INFO - Job "File Monitor Job (trigger: interval[0:00:30], next run at: 2025-10-03 18:08:16 IST)" executed successfully
2025-10-03 18:08:09,284 - werkzeug - INFO -  * Detected change in '/home/ayush/Documents/zensar/test_app.py', reloading
2025-10-03 18:08:09,537 - werkzeug - INFO -  * Restarting with stat
2025-10-03 18:08:10,208 - __main__ - INFO - Database tables created
2025-10-03 18:08:10,220 - apscheduler.scheduler - INFO - Scheduler started
2025-10-03 18:08:10,221 - apscheduler.scheduler - INFO - Added job "File Monitor Job" to job store "default"
2025-10-03 18:08:10,221 - __main__ - INFO - Exhibit Monitor application started
2025-10-03 18:08:10,232 - werkzeug - WARNING -  * Debugger is active!
2025-10-03 18:08:10,240 - werkzeug - INFO -  * Debugger PIN: 521-890-171
2025-10-03 18:08:16,075 - apscheduler.executors.default - INFO - Running job "File Monitor Job (trigger: interval[0:00:30], next run at: 2025-10-03 18:08:46 IST)" (scheduled at 2025-10-03 18:08:16.075068+05:30)
2025-10-03 18:08:16,076 - services.file_monitor - INFO - Starting file monitoring cycle
2025-10-03 18:08:18,076 - services.file_monitor - INFO - Processing file: A.txt
2025-10-03 18:08:18,077 - services.file_monitor - ERROR - Error getting format config for A.txt: Working outside of application context.

This typically means that you attempted to use functionality that needed
the current application. To solve this, set up an application context
with app.app_context(). See the documentation for more information.
2025-10-03 18:08:18,077 - services.file_monitor - ERROR - Error getting format config for A.txt: Working outside of application context.

This typically means that you attempted to use functionality that needed
the current application. To solve this, set up an application context
with app.app_context(). See the documentation for more information.
2025-10-03 18:08:18,077 - services.file_monitor - WARNING - File validation failed for A.txt: No format configuration found
2025-10-03 18:08:18,078 - services.file_monitor - INFO - Deleted file: A.txt
2025-10-03 18:08:18,078 - services.file_monitor - INFO - File monitoring cycle completed. Processed 1 files
2025-10-03 18:08:18,078 - apscheduler.executors.default - INFO - Job "File Monitor Job (trigger: interval[0:00:30], next run at: 2025-10-03 18:08:46 IST)" executed successfully
2025-10-03 18:09:15,434 - app - INFO - Database tables created
2025-10-03 18:09:15,456 - services.file_processor - ERROR - Error loading format from XML: Working outside of application context.

This typically means that you attempted to use functionality that needed
the current application. To solve this, set up an application context
with app.app_context(). See the documentation for more information.
2025-10-03 18:09:15,456 - app - ERROR - Error starting application: Working outside of application context.

This typically means that you attempted to use functionality that needed
the current application. To solve this, set up an application context
with app.app_context(). See the documentation for more information.
2025-10-03 18:11:05,301 - app - INFO - Database tables created
2025-10-03 18:11:05,344 - services.file_processor - INFO - Successfully loaded format configuration from sample_format.xml
2025-10-03 18:11:05,345 - app - INFO - Loaded format configuration from XML
2025-10-03 18:11:05,346 - apscheduler.scheduler - INFO - Scheduler started
2025-10-03 18:11:05,347 - apscheduler.scheduler - INFO - Added job "File Monitor Job" to job store "default"
2025-10-03 18:11:05,347 - app - INFO - Exhibit Monitor application started successfully
2025-10-03 18:11:05,347 - app - INFO - File monitoring is active
2025-10-03 18:11:05,347 - app - INFO - Flask server starting on http://localhost:5000
2025-10-03 18:11:05,361 - werkzeug - INFO - [31m[1mWARNING: This is a development server. Do not use it in a production deployment. Use a production WSGI server instead.[0m
 * Running on all addresses (0.0.0.0)
 * Running on http://127.0.0.1:5000
 * Running on http://192.168.1.5:5000
2025-10-03 18:11:05,361 - werkzeug - INFO - [33mPress CTRL+C to quit[0m
2025-10-03 18:11:05,362 - werkzeug - INFO -  * Restarting with stat
2025-10-03 18:11:06,152 - app - INFO - Database tables created
2025-10-03 18:11:06,196 - services.file_processor - INFO - Successfully loaded format configuration from sample_format.xml
2025-10-03 18:11:06,196 - app - INFO - Loaded format configuration from XML
2025-10-03 18:11:06,198 - apscheduler.scheduler - INFO - Scheduler started
2025-10-03 18:11:06,199 - apscheduler.scheduler - INFO - Added job "File Monitor Job" to job store "default"
2025-10-03 18:11:06,199 - app - INFO - Exhibit Monitor application started successfully
2025-10-03 18:11:06,199 - app - INFO - File monitoring is active
2025-10-03 18:11:06,199 - app - INFO - Flask server starting on http://localhost:5000
2025-10-03 18:11:06,210 - werkzeug - WARNING -  * Debugger is active!
2025-10-03 18:11:06,217 - werkzeug - INFO -  * Debugger PIN: 521-890-171
2025-10-03 18:11:17,549 - werkzeug - INFO - 127.0.0.1 - - [03/Oct/2025 18:11:17] "GET /api/status HTTP/1.1" 200 -
2025-10-03 18:11:35,348 - apscheduler.executors.default - INFO - Running job "File Monitor Job (trigger: interval[0:00:30], next run at: 2025-10-03 18:11:35 IST)" (scheduled at 2025-10-03 18:11:35.347069+05:30)
2025-10-03 18:11:35,348 - apscheduler.executors.default - INFO - Job "File Monitor Job (trigger: interval[0:00:30], next run at: 2025-10-03 18:12:05 IST)" executed successfully
2025-10-03 18:11:36,199 - apscheduler.executors.default - INFO - Running job "File Monitor Job (trigger: interval[0:00:30], next run at: 2025-10-03 18:11:36 IST)" (scheduled at 2025-10-03 18:11:36.198963+05:30)
2025-10-03 18:11:36,200 - apscheduler.executors.default - INFO - Job "File Monitor Job (trigger: interval[0:00:30], next run at: 2025-10-03 18:12:06 IST)" executed successfully
2025-10-03 18:11:42,466 - werkzeug - INFO -  * Detected change in '/home/ayush/Documents/zensar/run.py', reloading
2025-10-03 18:11:42,619 - werkzeug - INFO -  * Restarting with stat
2025-10-03 18:11:43,321 - app - INFO - Database tables created
2025-10-03 18:11:43,361 - services.file_processor - INFO - Successfully loaded format configuration from sample_format.xml
2025-10-03 18:11:43,362 - app - INFO - Loaded format configuration from XML
2025-10-03 18:11:43,363 - apscheduler.scheduler - INFO - Scheduler started
2025-10-03 18:11:43,364 - apscheduler.scheduler - INFO - Added job "File Monitor Job" to job store "default"
2025-10-03 18:11:43,364 - app - INFO - Exhibit Monitor application started successfully
2025-10-03 18:11:43,365 - app - INFO - File monitoring is active
2025-10-03 18:11:43,365 - app - INFO - Flask server starting on http://localhost:5000
2025-10-03 18:11:43,374 - werkzeug - WARNING -  * Debugger is active!
2025-10-03 18:11:43,381 - werkzeug - INFO -  * Debugger PIN: 521-890-171
2025-10-03 18:12:05,347 - apscheduler.executors.default - INFO - Running job "File Monitor Job (trigger: interval[0:00:30], next run at: 2025-10-03 18:12:35 IST)" (scheduled at 2025-10-03 18:12:05.347069+05:30)
2025-10-03 18:12:05,347 - apscheduler.executors.default - INFO - Job "File Monitor Job (trigger: interval[0:00:30], next run at: 2025-10-03 18:12:35 IST)" executed successfully
2025-10-03 18:12:09,178 - werkzeug - INFO - 127.0.0.1 - - [03/Oct/2025 18:12:09] "GET /api/status HTTP/1.1" 200 -
2025-10-03 18:12:13,365 - apscheduler.executors.default - INFO - Running job "File Monitor Job (trigger: interval[0:00:30], next run at: 2025-10-03 18:12:13 IST)" (scheduled at 2025-10-03 18:12:13.364192+05:30)
2025-10-03 18:12:13,366 - apscheduler.executors.default - INFO - Job "File Monitor Job (trigger: interval[0:00:30], next run at: 2025-10-03 18:12:43 IST)" executed successfully
2025-10-03 18:12:28,543 - werkzeug - INFO - 127.0.0.1 - - [03/Oct/2025 18:12:28] "GET /api/processed-files HTTP/1.1" 200 -
2025-10-03 18:12:35,347 - apscheduler.executors.default - INFO - Running job "File Monitor Job (trigger: interval[0:00:30], next run at: 2025-10-03 18:13:05 IST)" (scheduled at 2025-10-03 18:12:35.347069+05:30)
2025-10-03 18:12:35,348 - apscheduler.executors.default - INFO - Job "File Monitor Job (trigger: interval[0:00:30], next run at: 2025-10-03 18:13:05 IST)" executed successfully
2025-10-03 18:12:47,604 - app - INFO - Database tables created
2025-10-03 18:12:47,648 - services.file_processor - INFO - Successfully loaded format configuration from sample_format.xml
2025-10-03 18:12:47,649 - app - INFO - Loaded format configuration from XML
2025-10-03 18:12:47,650 - apscheduler.scheduler - INFO - Scheduler started
2025-10-03 18:12:47,651 - apscheduler.scheduler - INFO - Added job "File Monitor Job" to job store "default"
2025-10-03 18:12:47,651 - app - INFO - Exhibit Monitor application started successfully
2025-10-03 18:12:47,652 - app - INFO - File monitoring is active
2025-10-03 18:12:47,652 - app - INFO - Flask server starting on http://localhost:5000
2025-10-03 18:12:47,666 - werkzeug - INFO - [31m[1mWARNING: This is a development server. Do not use it in a production deployment. Use a production WSGI server instead.[0m
 * Running on all addresses (0.0.0.0)
 * Running on http://127.0.0.1:5000
 * Running on http://192.168.1.5:5000
2025-10-03 18:12:47,666 - werkzeug - INFO - [33mPress CTRL+C to quit[0m
2025-10-03 18:12:47,668 - werkzeug - INFO -  * Restarting with stat
2025-10-03 18:12:48,458 - app - INFO - Database tables created
2025-10-03 18:12:48,501 - services.file_processor - INFO - Successfully loaded format configuration from sample_format.xml
2025-10-03 18:12:48,502 - app - INFO - Loaded format configuration from XML
2025-10-03 18:12:48,503 - apscheduler.scheduler - INFO - Scheduler started
2025-10-03 18:12:48,504 - apscheduler.scheduler - INFO - Added job "File Monitor Job" to job store "default"
2025-10-03 18:12:48,505 - app - INFO - Exhibit Monitor application started successfully
2025-10-03 18:12:48,505 - app - INFO - File monitoring is active
2025-10-03 18:12:48,505 - app - INFO - Flask server starting on http://localhost:5000
2025-10-03 18:12:48,515 - werkzeug - WARNING -  * Debugger is active!
2025-10-03 18:12:48,525 - werkzeug - INFO -  * Debugger PIN: 521-890-171
2025-10-03 18:13:10,759 - app - INFO - Database tables created
2025-10-03 18:13:10,800 - services.file_processor - INFO - Successfully loaded format configuration from sample_format.xml
2025-10-03 18:13:10,801 - app - INFO - Loaded format configuration from XML
2025-10-03 18:13:10,802 - apscheduler.scheduler - INFO - Scheduler started
2025-10-03 18:13:10,803 - apscheduler.scheduler - INFO - Added job "File Monitor Job" to job store "default"
2025-10-03 18:13:10,803 - app - INFO - Exhibit Monitor application started successfully
2025-10-03 18:13:10,803 - app - INFO - File monitoring is active
2025-10-03 18:13:10,803 - app - INFO - Flask server starting on http://localhost:5000
2025-10-03 18:13:10,816 - werkzeug - INFO - [31m[1mWARNING: This is a development server. Do not use it in a production deployment. Use a production WSGI server instead.[0m
 * Running on all addresses (0.0.0.0)
 * Running on http://127.0.0.1:5000
 * Running on http://192.168.1.5:5000
2025-10-03 18:13:10,816 - werkzeug - INFO - [33mPress CTRL+C to quit[0m
2025-10-03 18:13:10,817 - werkzeug - INFO -  * Restarting with stat
2025-10-03 18:13:11,646 - app - INFO - Database tables created
2025-10-03 18:13:11,690 - services.file_processor - INFO - Successfully loaded format configuration from sample_format.xml
2025-10-03 18:13:11,691 - app - INFO - Loaded format configuration from XML
2025-10-03 18:13:11,692 - apscheduler.scheduler - INFO - Scheduler started
2025-10-03 18:13:11,693 - apscheduler.scheduler - INFO - Added job "File Monitor Job" to job store "default"
2025-10-03 18:13:11,693 - app - INFO - Exhibit Monitor application started successfully
2025-10-03 18:13:11,693 - app - INFO - File monitoring is active
2025-10-03 18:13:11,693 - app - INFO - Flask server starting on http://localhost:5000
2025-10-03 18:13:11,705 - werkzeug - WARNING -  * Debugger is active!
2025-10-03 18:13:11,712 - werkzeug - INFO -  * Debugger PIN: 521-890-171
2025-10-03 18:13:40,803 - apscheduler.executors.default - INFO - Running job "File Monitor Job (trigger: interval[0:00:30], next run at: 2025-10-03 18:13:40 IST)" (scheduled at 2025-10-03 18:13:40.802879+05:30)
2025-10-03 18:13:40,804 - apscheduler.executors.default - INFO - Job "File Monitor Job (trigger: interval[0:00:30], next run at: 2025-10-03 18:14:10 IST)" executed successfully
2025-10-03 18:13:41,694 - apscheduler.executors.default - INFO - Running job "File Monitor Job (trigger: interval[0:00:30], next run at: 2025-10-03 18:13:41 IST)" (scheduled at 2025-10-03 18:13:41.692899+05:30)
2025-10-03 18:13:41,694 - apscheduler.executors.default - INFO - Job "File Monitor Job (trigger: interval[0:00:30], next run at: 2025-10-03 18:14:11 IST)" executed successfully
2025-10-03 18:13:58,865 - werkzeug - INFO - 127.0.0.1 - - [03/Oct/2025 18:13:58] "GET /api/status HTTP/1.1" 200 -
2025-10-03 18:14:10,804 - apscheduler.executors.default - INFO - Running job "File Monitor Job (trigger: interval[0:00:30], next run at: 2025-10-03 18:14:40 IST)" (scheduled at 2025-10-03 18:14:10.802879+05:30)
2025-10-03 18:14:10,804 - apscheduler.executors.default - INFO - Job "File Monitor Job (trigger: interval[0:00:30], next run at: 2025-10-03 18:14:40 IST)" executed successfully
2025-10-03 18:14:11,693 - apscheduler.executors.default - INFO - Running job "File Monitor Job (trigger: interval[0:00:30], next run at: 2025-10-03 18:14:41 IST)" (scheduled at 2025-10-03 18:14:11.692899+05:30)
2025-10-03 18:14:11,694 - apscheduler.executors.default - INFO - Job "File Monitor Job (trigger: interval[0:00:30], next run at: 2025-10-03 18:14:41 IST)" executed successfully
2025-10-03 18:14:37,345 - app - INFO - Database tables created
2025-10-03 18:14:37,394 - services.file_processor - INFO - Successfully loaded format configuration from sample_format.xml
2025-10-03 18:14:37,395 - services.file_monitor - INFO - Starting file monitoring cycle
2025-10-03 18:14:43,396 - services.file_monitor - INFO - Processing file: B.txt
2025-10-03 18:14:43,397 - services.file_monitor - WARNING - File validation failed for B.txt: File arrived after expected time
2025-10-03 18:14:43,398 - services.file_monitor - INFO - Deleted file: B.txt
2025-10-03 18:14:43,398 - services.file_monitor - INFO - Processing file: C.txt
2025-10-03 18:14:43,398 - services.file_monitor - WARNING - File validation failed for C.txt: File arrived after expected time
2025-10-03 18:14:43,399 - services.file_monitor - INFO - Deleted file: C.txt
2025-10-03 18:14:43,399 - services.file_monitor - INFO - Processing file: A.txt
2025-10-03 18:14:43,399 - services.file_monitor - WARNING - File validation failed for A.txt: File arrived after expected time
2025-10-03 18:14:43,400 - services.file_monitor - INFO - Deleted file: A.txt
2025-10-03 18:14:43,400 - services.file_monitor - INFO - File monitoring cycle completed. Processed 3 files
2025-10-03 18:15:17,305 - app - INFO - Database tables created
2025-10-03 18:15:17,343 - services.file_processor - INFO - Successfully loaded format configuration from sample_format.xml
2025-10-03 18:15:17,344 - services.file_monitor - INFO - Starting file monitoring cycle
2025-10-03 18:15:23,345 - services.file_monitor - INFO - Processing file: B.txt
2025-10-03 18:15:23,357 - services.file_processor - INFO - Starting to process file: B.txt
2025-10-03 18:15:23,359 - services.file_processor - INFO - Wrote 5 records to b.out.txt
2025-10-03 18:15:23,367 - services.file_processor - INFO - Successfully processed B.txt: 5 valid, 0 errors
2025-10-03 18:15:23,368 - services.file_monitor - INFO - Successfully processed file: B.txt
2025-10-03 18:15:23,368 - services.file_monitor - INFO - Processing file: C.txt
2025-10-03 18:15:23,371 - services.file_processor - INFO - Starting to process file: C.txt
2025-10-03 18:15:23,372 - services.file_processor - INFO - Wrote 5 records to c.out.txt
2025-10-03 18:15:23,379 - services.file_processor - INFO - Successfully processed C.txt: 5 valid, 0 errors
2025-10-03 18:15:23,379 - services.file_monitor - INFO - Successfully processed file: C.txt
2025-10-03 18:15:23,379 - services.file_monitor - INFO - Processing file: A.txt
2025-10-03 18:15:23,383 - services.file_processor - INFO - Starting to process file: A.txt
2025-10-03 18:15:23,385 - services.file_processor - INFO - Wrote 5 records to a.out.txt
2025-10-03 18:15:23,385 - services.file_processor - INFO - Wrote 1 error records to A.txt_errors.txt
2025-10-03 18:15:23,400 - services.file_processor - INFO - Successfully processed A.txt: 5 valid, 1 errors
2025-10-03 18:15:23,400 - services.file_monitor - INFO - Successfully processed file: A.txt
2025-10-03 18:15:23,400 - services.file_monitor - INFO - File monitoring cycle completed. Processed 3 files
2025-10-03 18:15:51,494 - app - INFO - Database tables created
2025-10-03 18:15:51,538 - services.file_processor - INFO - Successfully loaded format configuration from sample_format.xml
2025-10-03 18:15:51,538 - app - INFO - Loaded format configuration from XML
2025-10-03 18:15:51,539 - apscheduler.scheduler - INFO - Scheduler started
2025-10-03 18:15:51,540 - apscheduler.scheduler - INFO - Added job "File Monitor Job" to job store "default"
2025-10-03 18:15:51,541 - app - INFO - Exhibit Monitor application started successfully
2025-10-03 18:15:51,541 - app - INFO - File monitoring is active
2025-10-03 18:15:51,541 - app - INFO - Flask server starting on http://localhost:5000
2025-10-03 18:15:51,554 - werkzeug - INFO - [31m[1mWARNING: This is a development server. Do not use it in a production deployment. Use a production WSGI server instead.[0m
 * Running on all addresses (0.0.0.0)
 * Running on http://127.0.0.1:5000
 * Running on http://192.168.1.5:5000
2025-10-03 18:15:51,554 - werkzeug - INFO - [33mPress CTRL+C to quit[0m
2025-10-03 18:15:51,555 - werkzeug - INFO -  * Restarting with stat
2025-10-03 18:15:52,369 - app - INFO - Database tables created
2025-10-03 18:15:52,413 - services.file_processor - INFO - Successfully loaded format configuration from sample_format.xml
2025-10-03 18:15:52,413 - app - INFO - Loaded format configuration from XML
2025-10-03 18:15:52,414 - apscheduler.scheduler - INFO - Scheduler started
2025-10-03 18:15:52,415 - apscheduler.scheduler - INFO - Added job "File Monitor Job" to job store "default"
2025-10-03 18:15:52,416 - app - INFO - Exhibit Monitor application started successfully
2025-10-03 18:15:52,416 - app - INFO - File monitoring is active
2025-10-03 18:15:52,416 - app - INFO - Flask server starting on http://localhost:5000
2025-10-03 18:15:52,426 - werkzeug - WARNING -  * Debugger is active!
2025-10-03 18:15:52,433 - werkzeug - INFO -  * Debugger PIN: 521-890-171
2025-10-03 18:15:59,883 - werkzeug - INFO - 127.0.0.1 - - [03/Oct/2025 18:15:59] "GET /api/status HTTP/1.1" 200 -
2025-10-03 18:16:10,590 - werkzeug - INFO - 127.0.0.1 - - [03/Oct/2025 18:16:10] "GET /api/processed-files HTTP/1.1" 200 -
2025-10-03 18:16:10,657 - werkzeug - INFO - 127.0.0.1 - - [03/Oct/2025 18:16:10] "GET /api/error-records HTTP/1.1" 200 -
2025-10-03 18:16:21,542 - apscheduler.executors.default - INFO - Running job "File Monitor Job (trigger: interval[0:00:30], next run at: 2025-10-03 18:16:21 IST)" (scheduled at 2025-10-03 18:16:21.540716+05:30)
2025-10-03 18:16:21,543 - apscheduler.executors.default - INFO - Job "File Monitor Job (trigger: interval[0:00:30], next run at: 2025-10-03 18:16:51 IST)" executed successfully
2025-10-03 18:16:22,416 - apscheduler.executors.default - INFO - Running job "File Monitor Job (trigger: interval[0:00:30], next run at: 2025-10-03 18:16:22 IST)" (scheduled at 2025-10-03 18:16:22.415649+05:30)
2025-10-03 18:16:22,417 - apscheduler.executors.default - INFO - Job "File Monitor Job (trigger: interval[0:00:30], next run at: 2025-10-03 18:16:52 IST)" executed successfully
2025-10-03 18:16:26,667 - werkzeug - INFO -  * Detected change in '/home/ayush/Documents/zensar/test_processing.py', reloading
2025-10-03 18:16:26,972 - werkzeug - INFO -  * Restarting with stat
2025-10-03 18:16:27,803 - app - INFO - Database tables created
2025-10-03 18:16:27,847 - services.file_processor - INFO - Successfully loaded format configuration from sample_format.xml
2025-10-03 18:16:27,847 - app - INFO - Loaded format configuration from XML
2025-10-03 18:16:27,848 - apscheduler.scheduler - INFO - Scheduler started
2025-10-03 18:16:27,849 - apscheduler.scheduler - INFO - Added job "File Monitor Job" to job store "default"
2025-10-03 18:16:27,849 - app - INFO - Exhibit Monitor application started successfully
2025-10-03 18:16:27,850 - app - INFO - File monitoring is active
2025-10-03 18:16:27,850 - app - INFO - Flask server starting on http://localhost:5000
2025-10-03 18:16:27,859 - werkzeug - WARNING -  * Debugger is active!
2025-10-03 18:16:27,866 - werkzeug - INFO -  * Debugger PIN: 521-890-171
2025-10-03 18:16:51,541 - apscheduler.executors.default - INFO - Running job "File Monitor Job (trigger: interval[0:00:30], next run at: 2025-10-03 18:17:21 IST)" (scheduled at 2025-10-03 18:16:51.540716+05:30)
2025-10-03 18:16:51,542 - apscheduler.executors.default - INFO - Job "File Monitor Job (trigger: interval[0:00:30], next run at: 2025-10-03 18:17:21 IST)" executed successfully
2025-10-03 18:16:57,850 - apscheduler.executors.default - INFO - Running job "File Monitor Job (trigger: interval[0:00:30], next run at: 2025-10-03 18:16:57 IST)" (scheduled at 2025-10-03 18:16:57.849539+05:30)
2025-10-03 18:16:57,851 - apscheduler.executors.default - INFO - Job "File Monitor Job (trigger: interval[0:00:30], next run at: 2025-10-03 18:17:27 IST)" executed successfully
2025-10-03 18:17:21,541 - apscheduler.executors.default - INFO - Running job "File Monitor Job (trigger: interval[0:00:30], next run at: 2025-10-03 18:17:51 IST)" (scheduled at 2025-10-03 18:17:21.540716+05:30)
2025-10-03 18:17:21,542 - apscheduler.executors.default - INFO - Job "File Monitor Job (trigger: interval[0:00:30], next run at: 2025-10-03 18:17:51 IST)" executed successfully
2025-10-03 18:17:27,850 - apscheduler.executors.default - INFO - Running job "File Monitor Job (trigger: interval[0:00:30], next run at: 2025-10-03 18:17:57 IST)" (scheduled at 2025-10-03 18:17:27.849539+05:30)
2025-10-03 18:17:27,850 - apscheduler.executors.default - INFO - Job "File Monitor Job (trigger: interval[0:00:30], next run at: 2025-10-03 18:17:57 IST)" executed successfully
2025-10-03 18:17:51,541 - apscheduler.executors.default - INFO - Running job "File Monitor Job (trigger: interval[0:00:30], next run at: 2025-10-03 18:18:21 IST)" (scheduled at 2025-10-03 18:17:51.540716+05:30)
2025-10-03 18:17:51,542 - apscheduler.executors.default - INFO - Job "File Monitor Job (trigger: interval[0:00:30], next run at: 2025-10-03 18:18:21 IST)" executed successfully
2025-10-03 18:17:57,850 - apscheduler.executors.default - INFO - Running job "File Monitor Job (trigger: interval[0:00:30], next run at: 2025-10-03 18:18:27 IST)" (scheduled at 2025-10-03 18:17:57.849539+05:30)
2025-10-03 18:17:57,850 - apscheduler.executors.default - INFO - Job "File Monitor Job (trigger: interval[0:00:30], next run at: 2025-10-03 18:18:27 IST)" executed successfully
2025-10-03 18:18:21,541 - apscheduler.executors.default - INFO - Running job "File Monitor Job (trigger: interval[0:00:30], next run at: 2025-10-03 18:18:51 IST)" (scheduled at 2025-10-03 18:18:21.540716+05:30)
2025-10-03 18:18:21,541 - apscheduler.executors.default - INFO - Job "File Monitor Job (trigger: interval[0:00:30], next run at: 2025-10-03 18:18:51 IST)" executed successfully
2025-10-03 18:18:27,850 - apscheduler.executors.default - INFO - Running job "File Monitor Job (trigger: interval[0:00:30], next run at: 2025-10-03 18:18:57 IST)" (scheduled at 2025-10-03 18:18:27.849539+05:30)
2025-10-03 18:18:27,850 - apscheduler.executors.default - INFO - Job "File Monitor Job (trigger: interval[0:00:30], next run at: 2025-10-03 18:18:57 IST)" executed successfully
2025-10-03 18:18:51,541 - apscheduler.executors.default - INFO - Running job "File Monitor Job (trigger: interval[0:00:30], next run at: 2025-10-03 18:19:21 IST)" (scheduled at 2025-10-03 18:18:51.540716+05:30)
2025-10-03 18:18:51,542 - apscheduler.executors.default - INFO - Job "File Monitor Job (trigger: interval[0:00:30], next run at: 2025-10-03 18:19:21 IST)" executed successfully
2025-10-03 18:18:57,850 - apscheduler.executors.default - INFO - Running job "File Monitor Job (trigger: interval[0:00:30], next run at: 2025-10-03 18:19:27 IST)" (scheduled at 2025-10-03 18:18:57.849539+05:30)
2025-10-03 18:18:57,851 - apscheduler.executors.default - INFO - Job "File Monitor Job (trigger: interval[0:00:30], next run at: 2025-10-03 18:19:27 IST)" executed successfully
2025-10-03 18:19:21,541 - apscheduler.executors.default - INFO - Running job "File Monitor Job (trigger: interval[0:00:30], next run at: 2025-10-03 18:19:51 IST)" (scheduled at 2025-10-03 18:19:21.540716+05:30)
2025-10-03 18:19:21,542 - apscheduler.executors.default - INFO - Job "File Monitor Job (trigger: interval[0:00:30], next run at: 2025-10-03 18:19:51 IST)" executed successfully
2025-10-03 18:19:27,849 - apscheduler.executors.default - INFO - Running job "File Monitor Job (trigger: interval[0:00:30], next run at: 2025-10-03 18:19:57 IST)" (scheduled at 2025-10-03 18:19:27.849539+05:30)
2025-10-03 18:19:27,850 - apscheduler.executors.default - INFO - Job "File Monitor Job (trigger: interval[0:00:30], next run at: 2025-10-03 18:19:57 IST)" executed successfully
2025-10-03 18:19:37,736 - werkzeug - INFO - 127.0.0.1 - - [03/Oct/2025 18:19:37] "GET /api/status HTTP/1.1" 200 -
2025-10-03 18:19:47,558 - werkzeug - INFO - 127.0.0.1 - - [03/Oct/2025 18:19:47] "GET /api/processed-files HTTP/1.1" 200 -
2025-10-03 18:19:51,541 - apscheduler.executors.default - INFO - Running job "File Monitor Job (trigger: interval[0:00:30], next run at: 2025-10-03 18:20:21 IST)" (scheduled at 2025-10-03 18:19:51.540716+05:30)
2025-10-03 18:19:51,541 - apscheduler.executors.default - INFO - Job "File Monitor Job (trigger: interval[0:00:30], next run at: 2025-10-03 18:20:21 IST)" executed successfully
2025-10-03 18:19:55,806 - werkzeug - INFO - 127.0.0.1 - - [03/Oct/2025 18:19:55] "GET /api/error-records HTTP/1.1" 200 -
2025-10-03 18:19:57,850 - apscheduler.executors.default - INFO - Running job "File Monitor Job (trigger: interval[0:00:30], next run at: 2025-10-03 18:20:27 IST)" (scheduled at 2025-10-03 18:19:57.849539+05:30)
2025-10-03 18:19:57,851 - apscheduler.executors.default - INFO - Job "File Monitor Job (trigger: interval[0:00:30], next run at: 2025-10-03 18:20:27 IST)" executed successfully
2025-10-03 18:20:21,541 - apscheduler.executors.default - INFO - Running job "File Monitor Job (trigger: interval[0:00:30], next run at: 2025-10-03 18:20:51 IST)" (scheduled at 2025-10-03 18:20:21.540716+05:30)
2025-10-03 18:20:21,541 - apscheduler.executors.default - INFO - Job "File Monitor Job (trigger: interval[0:00:30], next run at: 2025-10-03 18:20:51 IST)" executed successfully
2025-10-03 18:20:27,850 - apscheduler.executors.default - INFO - Running job "File Monitor Job (trigger: interval[0:00:30], next run at: 2025-10-03 18:20:57 IST)" (scheduled at 2025-10-03 18:20:27.849539+05:30)
2025-10-03 18:20:27,850 - apscheduler.executors.default - INFO - Job "File Monitor Job (trigger: interval[0:00:30], next run at: 2025-10-03 18:20:57 IST)" executed successfully
2025-10-03 18:20:49,603 - werkzeug - INFO -  * Detected change in '/home/ayush/Documents/zensar/check_db.py', reloading
2025-10-03 18:20:49,932 - werkzeug - INFO -  * Restarting with stat
2025-10-03 18:20:50,784 - app - INFO - Database tables created
2025-10-03 18:20:50,823 - services.file_processor - INFO - Successfully loaded format configuration from sample_format.xml
2025-10-03 18:20:50,823 - app - INFO - Loaded format configuration from XML
2025-10-03 18:20:50,824 - apscheduler.scheduler - INFO - Scheduler started
2025-10-03 18:20:50,825 - apscheduler.scheduler - INFO - Added job "File Monitor Job" to job store "default"
2025-10-03 18:20:50,825 - app - INFO - Exhibit Monitor application started successfully
2025-10-03 18:20:50,825 - app - INFO - File monitoring is active
2025-10-03 18:20:50,826 - app - INFO - Flask server starting on http://localhost:5000
2025-10-03 18:20:50,834 - werkzeug - WARNING -  * Debugger is active!
2025-10-03 18:20:50,840 - werkzeug - INFO -  * Debugger PIN: 521-890-171
2025-10-03 18:20:51,541 - apscheduler.executors.default - INFO - Running job "File Monitor Job (trigger: interval[0:00:30], next run at: 2025-10-03 18:21:21 IST)" (scheduled at 2025-10-03 18:20:51.540716+05:30)
2025-10-03 18:20:51,541 - apscheduler.executors.default - INFO - Job "File Monitor Job (trigger: interval[0:00:30], next run at: 2025-10-03 18:21:21 IST)" executed successfully
2025-10-03 18:20:55,885 - werkzeug - INFO -  * Detected change in '/home/ayush/Documents/zensar/check_db.py', reloading
2025-10-03 18:20:56,111 - werkzeug - INFO -  * Restarting with stat
2025-10-03 18:20:56,775 - app - INFO - Database tables created
2025-10-03 18:20:56,813 - services.file_processor - INFO - Successfully loaded format configuration from sample_format.xml
2025-10-03 18:20:56,813 - app - INFO - Loaded format configuration from XML
2025-10-03 18:20:56,814 - apscheduler.scheduler - INFO - Scheduler started
2025-10-03 18:20:56,815 - apscheduler.scheduler - INFO - Added job "File Monitor Job" to job store "default"
2025-10-03 18:20:56,815 - app - INFO - Exhibit Monitor application started successfully
2025-10-03 18:20:56,816 - app - INFO - File monitoring is active
2025-10-03 18:20:56,816 - app - INFO - Flask server starting on http://localhost:5000
2025-10-03 18:20:56,825 - werkzeug - WARNING -  * Debugger is active!
2025-10-03 18:20:56,832 - werkzeug - INFO -  * Debugger PIN: 521-890-171
2025-10-03 18:21:21,541 - apscheduler.executors.default - INFO - Running job "File Monitor Job (trigger: interval[0:00:30], next run at: 2025-10-03 18:21:51 IST)" (scheduled at 2025-10-03 18:21:21.540716+05:30)
2025-10-03 18:21:21,541 - apscheduler.executors.default - INFO - Job "File Monitor Job (trigger: interval[0:00:30], next run at: 2025-10-03 18:21:51 IST)" executed successfully
2025-10-03 18:21:26,816 - apscheduler.executors.default - INFO - Running job "File Monitor Job (trigger: interval[0:00:30], next run at: 2025-10-03 18:21:26 IST)" (scheduled at 2025-10-03 18:21:26.815438+05:30)
2025-10-03 18:21:26,817 - apscheduler.executors.default - INFO - Job "File Monitor Job (trigger: interval[0:00:30], next run at: 2025-10-03 18:21:56 IST)" executed successfully
2025-10-03 18:21:51,541 - apscheduler.executors.default - INFO - Running job "File Monitor Job (trigger: interval[0:00:30], next run at: 2025-10-03 18:22:21 IST)" (scheduled at 2025-10-03 18:21:51.540716+05:30)
2025-10-03 18:21:51,541 - apscheduler.executors.default - INFO - Job "File Monitor Job (trigger: interval[0:00:30], next run at: 2025-10-03 18:22:21 IST)" executed successfully
2025-10-03 18:21:56,816 - apscheduler.executors.default - INFO - Running job "File Monitor Job (trigger: interval[0:00:30], next run at: 2025-10-03 18:22:26 IST)" (scheduled at 2025-10-03 18:21:56.815438+05:30)
2025-10-03 18:21:56,816 - apscheduler.executors.default - INFO - Job "File Monitor Job (trigger: interval[0:00:30], next run at: 2025-10-03 18:22:26 IST)" executed successfully
2025-10-03 18:21:59,264 - werkzeug - INFO -  * Detected change in '/home/ayush/Documents/zensar/app.py', reloading
2025-10-03 18:21:59,459 - werkzeug - INFO -  * Restarting with stat
2025-10-03 18:22:00,141 - app - INFO - Database tables created
2025-10-03 18:22:00,187 - services.file_processor - INFO - Successfully loaded format configuration from sample_format.xml
2025-10-03 18:22:00,187 - app - INFO - Loaded format configuration from XML
2025-10-03 18:22:00,188 - apscheduler.scheduler - INFO - Scheduler started
2025-10-03 18:22:00,189 - apscheduler.scheduler - INFO - Added job "File Monitor Job" to job store "default"
2025-10-03 18:22:00,190 - app - INFO - Exhibit Monitor application started successfully
2025-10-03 18:22:00,190 - app - INFO - File monitoring is active
2025-10-03 18:22:00,190 - app - INFO - Flask server starting on http://localhost:5000
2025-10-03 18:22:00,200 - werkzeug - WARNING -  * Debugger is active!
2025-10-03 18:22:00,207 - werkzeug - INFO -  * Debugger PIN: 521-890-171
2025-10-03 18:22:09,286 - werkzeug - INFO -  * Detected change in '/home/ayush/Documents/zensar/services/__init__.py', reloading
2025-10-03 18:22:09,437 - werkzeug - INFO -  * Restarting with stat
2025-10-03 18:22:10,125 - app - INFO - Database tables created
2025-10-03 18:22:10,159 - services.file_processor - INFO - Successfully loaded format configuration from sample_format.xml
2025-10-03 18:22:10,159 - app - INFO - Loaded format configuration from XML
2025-10-03 18:22:10,160 - apscheduler.scheduler - INFO - Scheduler started
2025-10-03 18:22:10,161 - apscheduler.scheduler - INFO - Added job "File Monitor Job" to job store "default"
2025-10-03 18:22:10,161 - app - INFO - Exhibit Monitor application started successfully
2025-10-03 18:22:10,161 - app - INFO - File monitoring is active
2025-10-03 18:22:10,162 - app - INFO - Flask server starting on http://localhost:5000
2025-10-03 18:22:10,171 - werkzeug - WARNING -  * Debugger is active!
2025-10-03 18:22:10,177 - werkzeug - INFO -  * Debugger PIN: 521-890-171
2025-10-03 18:22:13,213 - werkzeug - INFO -  * Detected change in '/home/ayush/Documents/zensar/config.py', reloading
2025-10-03 18:22:13,369 - werkzeug - INFO -  * Restarting with stat
2025-10-03 18:22:14,074 - app - INFO - Database tables created
2025-10-03 18:22:14,117 - services.file_processor - INFO - Successfully loaded format configuration from sample_format.xml
2025-10-03 18:22:14,118 - app - INFO - Loaded format configuration from XML
2025-10-03 18:22:14,119 - apscheduler.scheduler - INFO - Scheduler started
2025-10-03 18:22:14,120 - apscheduler.scheduler - INFO - Added job "File Monitor Job" to job store "default"
2025-10-03 18:22:14,120 - app - INFO - Exhibit Monitor application started successfully
2025-10-03 18:22:14,120 - app - INFO - File monitoring is active
2025-10-03 18:22:14,121 - app - INFO - Flask server starting on http://localhost:5000
2025-10-03 18:22:14,131 - werkzeug - WARNING -  * Debugger is active!
2025-10-03 18:22:14,139 - werkzeug - INFO -  * Debugger PIN: 521-890-171
2025-10-03 18:22:20,194 - werkzeug - INFO -  * Detected change in '/home/ayush/Documents/zensar/services/file_monitor.py', reloading
2025-10-03 18:22:20,389 - werkzeug - INFO -  * Restarting with stat
2025-10-03 18:22:21,111 - app - INFO - Database tables created
2025-10-03 18:22:21,147 - services.file_processor - INFO - Successfully loaded format configuration from sample_format.xml
2025-10-03 18:22:21,147 - app - INFO - Loaded format configuration from XML
2025-10-03 18:22:21,148 - apscheduler.scheduler - INFO - Scheduler started
2025-10-03 18:22:21,149 - apscheduler.scheduler - INFO - Added job "File Monitor Job" to job store "default"
2025-10-03 18:22:21,149 - app - INFO - Exhibit Monitor application started successfully
2025-10-03 18:22:21,149 - app - INFO - File monitoring is active
2025-10-03 18:22:21,149 - app - INFO - Flask server starting on http://localhost:5000
2025-10-03 18:22:21,158 - werkzeug - WARNING -  * Debugger is active!
2025-10-03 18:22:21,165 - werkzeug - INFO -  * Debugger PIN: 521-890-171
2025-10-03 18:22:21,541 - apscheduler.executors.default - INFO - Running job "File Monitor Job (trigger: interval[0:00:30], next run at: 2025-10-03 18:22:51 IST)" (scheduled at 2025-10-03 18:22:21.540716+05:30)
2025-10-03 18:22:21,541 - apscheduler.executors.default - INFO - Job "File Monitor Job (trigger: interval[0:00:30], next run at: 2025-10-03 18:22:51 IST)" executed successfully
2025-10-03 18:22:24,198 - werkzeug - INFO -  * Detected change in '/home/ayush/Documents/zensar/models.py', reloading
2025-10-03 18:22:24,343 - werkzeug - INFO -  * Restarting with stat
2025-10-03 18:22:25,081 - app - INFO - Database tables created
2025-10-03 18:22:25,116 - services.file_processor - INFO - Successfully loaded format configuration from sample_format.xml
2025-10-03 18:22:25,117 - app - INFO - Loaded format configuration from XML
2025-10-03 18:22:25,118 - apscheduler.scheduler - INFO - Scheduler started
2025-10-03 18:22:25,119 - apscheduler.scheduler - INFO - Added job "File Monitor Job" to job store "default"
2025-10-03 18:22:25,119 - app - INFO - Exhibit Monitor application started successfully
2025-10-03 18:22:25,119 - app - INFO - File monitoring is active
2025-10-03 18:22:25,119 - app - INFO - Flask server starting on http://localhost:5000
2025-10-03 18:22:25,129 - werkzeug - WARNING -  * Debugger is active!
2025-10-03 18:22:25,135 - werkzeug - INFO -  * Debugger PIN: 521-890-171
2025-10-03 18:22:26,157 - werkzeug - INFO -  * Detected change in '/home/ayush/Documents/zensar/test_processing.py', reloading
2025-10-03 18:22:26,337 - werkzeug - INFO -  * Restarting with stat
2025-10-03 18:22:27,059 - app - INFO - Database tables created
2025-10-03 18:22:27,102 - services.file_processor - INFO - Successfully loaded format configuration from sample_format.xml
2025-10-03 18:22:27,102 - app - INFO - Loaded format configuration from XML
2025-10-03 18:22:27,103 - apscheduler.scheduler - INFO - Scheduler started
2025-10-03 18:22:27,104 - apscheduler.scheduler - INFO - Added job "File Monitor Job" to job store "default"
2025-10-03 18:22:27,104 - app - INFO - Exhibit Monitor application started successfully
2025-10-03 18:22:27,105 - app - INFO - File monitoring is active
2025-10-03 18:22:27,105 - app - INFO - Flask server starting on http://localhost:5000
2025-10-03 18:22:27,114 - werkzeug - WARNING -  * Debugger is active!
2025-10-03 18:22:27,120 - werkzeug - INFO -  * Debugger PIN: 521-890-171
2025-10-03 18:22:51,541 - apscheduler.executors.default - INFO - Running job "File Monitor Job (trigger: interval[0:00:30], next run at: 2025-10-03 18:23:21 IST)" (scheduled at 2025-10-03 18:22:51.540716+05:30)
2025-10-03 18:22:51,542 - apscheduler.executors.default - INFO - Job "File Monitor Job (trigger: interval[0:00:30], next run at: 2025-10-03 18:23:21 IST)" executed successfully
2025-10-03 18:22:57,105 - apscheduler.executors.default - INFO - Running job "File Monitor Job (trigger: interval[0:00:30], next run at: 2025-10-03 18:22:57 IST)" (scheduled at 2025-10-03 18:22:57.104428+05:30)
2025-10-03 18:22:57,106 - apscheduler.executors.default - INFO - Job "File Monitor Job (trigger: interval[0:00:30], next run at: 2025-10-03 18:23:27 IST)" executed successfully
2025-10-03 18:23:21,541 - apscheduler.executors.default - INFO - Running job "File Monitor Job (trigger: interval[0:00:30], next run at: 2025-10-03 18:23:51 IST)" (scheduled at 2025-10-03 18:23:21.540716+05:30)
2025-10-03 18:23:21,542 - apscheduler.executors.default - INFO - Job "File Monitor Job (trigger: interval[0:00:30], next run at: 2025-10-03 18:23:51 IST)" executed successfully
2025-10-03 18:23:27,105 - apscheduler.executors.default - INFO - Running job "File Monitor Job (trigger: interval[0:00:30], next run at: 2025-10-03 18:23:57 IST)" (scheduled at 2025-10-03 18:23:27.104428+05:30)
2025-10-03 18:23:27,105 - apscheduler.executors.default - INFO - Job "File Monitor Job (trigger: interval[0:00:30], next run at: 2025-10-03 18:23:57 IST)" executed successfully
2025-10-03 18:23:51,541 - apscheduler.executors.default - INFO - Running job "File Monitor Job (trigger: interval[0:00:30], next run at: 2025-10-03 18:24:21 IST)" (scheduled at 2025-10-03 18:23:51.540716+05:30)
2025-10-03 18:23:51,542 - apscheduler.executors.default - INFO - Job "File Monitor Job (trigger: interval[0:00:30], next run at: 2025-10-03 18:24:21 IST)" executed successfully
2025-10-03 18:23:57,105 - apscheduler.executors.default - INFO - Running job "File Monitor Job (trigger: interval[0:00:30], next run at: 2025-10-03 18:24:27 IST)" (scheduled at 2025-10-03 18:23:57.104428+05:30)
2025-10-03 18:23:57,105 - apscheduler.executors.default - INFO - Job "File Monitor Job (trigger: interval[0:00:30], next run at: 2025-10-03 18:24:27 IST)" executed successfully
2025-10-03 18:24:21,541 - apscheduler.executors.default - INFO - Running job "File Monitor Job (trigger: interval[0:00:30], next run at: 2025-10-03 18:24:51 IST)" (scheduled at 2025-10-03 18:24:21.540716+05:30)
2025-10-03 18:24:21,542 - apscheduler.executors.default - INFO - Job "File Monitor Job (trigger: interval[0:00:30], next run at: 2025-10-03 18:24:51 IST)" executed successfully
2025-10-03 18:24:23,919 - __main__ - INFO - Database tables created
2025-10-03 18:24:23,945 - apscheduler.scheduler - INFO - Scheduler started
2025-10-03 18:24:23,946 - apscheduler.scheduler - INFO - Added job "File Monitor Job" to job store "default"
2025-10-03 18:24:23,947 - __main__ - INFO - Exhibit Monitor application started
2025-10-03 18:24:27,105 - apscheduler.executors.default - INFO - Running job "File Monitor Job (trigger: interval[0:00:30], next run at: 2025-10-03 18:24:57 IST)" (scheduled at 2025-10-03 18:24:27.104428+05:30)
2025-10-03 18:24:27,105 - apscheduler.executors.default - INFO - Job "File Monitor Job (trigger: interval[0:00:30], next run at: 2025-10-03 18:24:57 IST)" executed successfully
2025-10-03 18:24:51,541 - apscheduler.executors.default - INFO - Running job "File Monitor Job (trigger: interval[0:00:30], next run at: 2025-10-03 18:25:21 IST)" (scheduled at 2025-10-03 18:24:51.540716+05:30)
2025-10-03 18:24:51,541 - apscheduler.executors.default - INFO - Job "File Monitor Job (trigger: interval[0:00:30], next run at: 2025-10-03 18:25:21 IST)" executed successfully
2025-10-03 18:24:57,779 - app - INFO - Database tables created
2025-10-03 18:24:57,819 - services.file_processor - INFO - Successfully loaded format configuration from sample_format.xml
2025-10-03 18:24:57,819 - app - INFO - Loaded format configuration from XML
2025-10-03 18:24:57,821 - apscheduler.scheduler - INFO - Scheduler started
2025-10-03 18:24:57,822 - apscheduler.scheduler - INFO - Added job "File Monitor Job" to job store "default"
2025-10-03 18:24:57,822 - app - INFO - Exhibit Monitor application started successfully
2025-10-03 18:24:57,822 - app - INFO - File monitoring is active
2025-10-03 18:24:57,822 - app - INFO - Flask server starting on http://localhost:5000
2025-10-03 18:24:57,837 - werkzeug - INFO - [31m[1mWARNING: This is a development server. Do not use it in a production deployment. Use a production WSGI server instead.[0m
 * Running on all addresses (0.0.0.0)
 * Running on http://127.0.0.1:5000
 * Running on http://192.168.1.5:5000
2025-10-03 18:24:57,838 - werkzeug - INFO - [33mPress CTRL+C to quit[0m
2025-10-03 18:24:57,839 - werkzeug - INFO -  * Restarting with stat
2025-10-03 18:24:58,496 - app - INFO - Database tables created
2025-10-03 18:24:58,530 - services.file_processor - INFO - Successfully loaded format configuration from sample_format.xml
2025-10-03 18:24:58,530 - app - INFO - Loaded format configuration from XML
2025-10-03 18:24:58,531 - apscheduler.scheduler - INFO - Scheduler started
2025-10-03 18:24:58,533 - apscheduler.scheduler - INFO - Added job "File Monitor Job" to job store "default"
2025-10-03 18:24:58,533 - app - INFO - Exhibit Monitor application started successfully
2025-10-03 18:24:58,533 - app - INFO - File monitoring is active
2025-10-03 18:24:58,533 - app - INFO - Flask server starting on http://localhost:5000
2025-10-03 18:24:58,543 - werkzeug - WARNING -  * Debugger is active!
2025-10-03 18:24:58,549 - werkzeug - INFO -  * Debugger PIN: 521-890-171
2025-10-03 18:25:08,079 - app - INFO - Database tables created
2025-10-03 18:25:08,113 - services.file_processor - INFO - Successfully loaded format configuration from sample_format.xml
2025-10-03 18:25:08,113 - app - INFO - Loaded format configuration from XML
2025-10-03 18:25:08,115 - apscheduler.scheduler - INFO - Scheduler started
2025-10-03 18:25:08,116 - apscheduler.scheduler - INFO - Added job "File Monitor Job" to job store "default"
2025-10-03 18:25:08,116 - app - INFO - Exhibit Monitor application started successfully
2025-10-03 18:25:08,116 - app - INFO - File monitoring is active
2025-10-03 18:25:08,116 - app - INFO - Flask server starting on http://localhost:5000
2025-10-03 18:25:08,130 - werkzeug - INFO - [31m[1mWARNING: This is a development server. Do not use it in a production deployment. Use a production WSGI server instead.[0m
 * Running on all addresses (0.0.0.0)
 * Running on http://127.0.0.1:5000
 * Running on http://192.168.1.5:5000
2025-10-03 18:25:08,131 - werkzeug - INFO - [33mPress CTRL+C to quit[0m
2025-10-03 18:25:08,132 - werkzeug - INFO -  * Restarting with stat
2025-10-03 18:25:08,875 - app - INFO - Database tables created
2025-10-03 18:25:08,915 - services.file_processor - INFO - Successfully loaded format configuration from sample_format.xml
2025-10-03 18:25:08,916 - app - INFO - Loaded format configuration from XML
2025-10-03 18:25:08,917 - apscheduler.scheduler - INFO - Scheduler started
2025-10-03 18:25:08,918 - apscheduler.scheduler - INFO - Added job "File Monitor Job" to job store "default"
2025-10-03 18:25:08,918 - app - INFO - Exhibit Monitor application started successfully
2025-10-03 18:25:08,918 - app - INFO - File monitoring is active
2025-10-03 18:25:08,919 - app - INFO - Flask server starting on http://localhost:5000
2025-10-03 18:25:08,930 - werkzeug - WARNING -  * Debugger is active!
2025-10-03 18:25:08,937 - werkzeug - INFO -  * Debugger PIN: 521-890-171
2025-10-03 18:25:11,003 - werkzeug - INFO - 127.0.0.1 - - [03/Oct/2025 18:25:11] "GET / HTTP/1.1" 200 -
2025-10-03 18:25:11,072 - werkzeug - INFO - 127.0.0.1 - - [03/Oct/2025 18:25:11] "[33mGET /favicon.ico HTTP/1.1[0m" 404 -
2025-10-03 18:25:27,138 - werkzeug - INFO - 127.0.0.1 - - [03/Oct/2025 18:25:27] "GET /api/status HTTP/1.1" 200 -
2025-10-03 18:25:38,117 - apscheduler.executors.default - INFO - Running job "File Monitor Job (trigger: interval[0:00:30], next run at: 2025-10-03 18:25:38 IST)" (scheduled at 2025-10-03 18:25:38.115989+05:30)
2025-10-03 18:25:38,117 - apscheduler.executors.default - INFO - Job "File Monitor Job (trigger: interval[0:00:30], next run at: 2025-10-03 18:26:08 IST)" executed successfully
2025-10-03 18:25:38,919 - apscheduler.executors.default - INFO - Running job "File Monitor Job (trigger: interval[0:00:30], next run at: 2025-10-03 18:25:38 IST)" (scheduled at 2025-10-03 18:25:38.918012+05:30)
2025-10-03 18:25:38,920 - apscheduler.executors.default - INFO - Job "File Monitor Job (trigger: interval[0:00:30], next run at: 2025-10-03 18:26:08 IST)" executed successfully
2025-10-03 18:25:45,664 - werkzeug - INFO - 127.0.0.1 - - [03/Oct/2025 18:25:45] "GET /api/processed-files HTTP/1.1" 200 -
2025-10-03 18:26:00,499 - werkzeug - INFO - 127.0.0.1 - - [03/Oct/2025 18:26:00] "[31m[1mGET /api/stop-monitoring HTTP/1.1[0m" 405 -
2025-10-03 18:26:08,116 - apscheduler.executors.default - INFO - Running job "File Monitor Job (trigger: interval[0:00:30], next run at: 2025-10-03 18:26:38 IST)" (scheduled at 2025-10-03 18:26:08.115989+05:30)
2025-10-03 18:26:08,117 - apscheduler.executors.default - INFO - Job "File Monitor Job (trigger: interval[0:00:30], next run at: 2025-10-03 18:26:38 IST)" executed successfully
2025-10-03 18:26:08,919 - apscheduler.executors.default - INFO - Running job "File Monitor Job (trigger: interval[0:00:30], next run at: 2025-10-03 18:26:38 IST)" (scheduled at 2025-10-03 18:26:08.918012+05:30)
2025-10-03 18:26:08,919 - apscheduler.executors.default - INFO - Job "File Monitor Job (trigger: interval[0:00:30], next run at: 2025-10-03 18:26:38 IST)" executed successfully
2025-10-03 18:26:17,686 - werkzeug - INFO - 127.0.0.1 - - [03/Oct/2025 18:26:17] "[31m[1mGET /api/start-monitoring HTTP/1.1[0m" 405 -
2025-10-03 18:26:38,116 - apscheduler.executors.default - INFO - Running job "File Monitor Job (trigger: interval[0:00:30], next run at: 2025-10-03 18:27:08 IST)" (scheduled at 2025-10-03 18:26:38.115989+05:30)
2025-10-03 18:26:38,117 - apscheduler.executors.default - INFO - Job "File Monitor Job (trigger: interval[0:00:30], next run at: 2025-10-03 18:27:08 IST)" executed successfully
2025-10-03 18:26:38,918 - apscheduler.executors.default - INFO - Running job "File Monitor Job (trigger: interval[0:00:30], next run at: 2025-10-03 18:27:08 IST)" (scheduled at 2025-10-03 18:26:38.918012+05:30)
2025-10-03 18:26:38,919 - apscheduler.executors.default - INFO - Job "File Monitor Job (trigger: interval[0:00:30], next run at: 2025-10-03 18:27:08 IST)" executed successfully
